// Jest Snapshot v1, https://goo.gl/fbAQLP

exports[`CustomButton components should set color when you pass a color in 1`] = `
<custom-buttonstyles__CustomButtonContainer
  color="dark"
  rounded={true}
/>
`;
